2024-06-11 14:39:58 [   INFO] Получен url: https://nominatim.openstreetmap.org/search?q=14%2C+Bradford+Road%2C+Upper+Pells%2C+Lewes%2C+East+Sussex%2C+England%2C+BN7+1RB%2C+United+Kingdom&format=json&addressdetails=1&limit=1 (conftest.py)
2024-06-11 14:39:58 [  DEBUG] Starting new HTTPS connection (1): nominatim.openstreetmap.org:443 (connectionpool.py)
2024-06-11 14:39:59 [  DEBUG] https://nominatim.openstreetmap.org:443 "GET /search?q=14%2C+Bradford+Road%2C+Upper+Pells%2C+Lewes%2C+East+Sussex%2C+England%2C+BN7+1RB%2C+United+Kingdom&format=json&addressdetails=1&limit=1 HTTP/1.1" 200 726 (connectionpool.py)
2024-06-11 14:39:59 [   INFO] [200] - веб-сервер успешно обработал запрос (get_requests.py)
2024-06-11 14:39:59 [   INFO] Получение данных для тестирования в формате json [{'address': '14, Bradford Road, Upper Pells, Lewes, East Sussex, England, BN7 1RB, United Kingdom', 'lat': '50.8741261', 'lon': '0.0006877111111111112'}, {'address': '14, Bradford Road, Upper Pells, Lewes, East Sussex, England, BN7 1RB, United Kingdom', 'lat': '', 'lon': '0.0006877111111111112'}, {'address': '14, Bradford Road, Upper Pells, Lewes, East Sussex, England, BN7 1RB, United Kingdom', 'lat': '0.0', 'lon': ''}, {'address': '14, Bradford Road, Upper Pells, Lewes, East Sussex, England, BN7 1RB, United Kingdom', 'lat': '', 'lon': ''}] (get_requests.py)
2024-06-11 14:39:59 [   INFO] Из обработанного ответа были получены координаты ('50.8741261', '0.0006877111111111112') (test_search_reverse.py)
2024-06-11 14:39:59 [   INFO] Получен url: https://nominatim.openstreetmap.org/search?q=14%2C+Bradford+Road%2C+Upper+Pells%2C+Lewes%2C+East+Sussex%2C+England%2C+BN7+1RB%2C+United+Kingdom&format=json&addressdetails=1&limit=1 (conftest.py)
2024-06-11 14:39:59 [  DEBUG] Starting new HTTPS connection (1): nominatim.openstreetmap.org:443 (connectionpool.py)
2024-06-11 14:39:59 [  DEBUG] https://nominatim.openstreetmap.org:443 "GET /search?q=14%2C+Bradford+Road%2C+Upper+Pells%2C+Lewes%2C+East+Sussex%2C+England%2C+BN7+1RB%2C+United+Kingdom&format=json&addressdetails=1&limit=1 HTTP/1.1" 200 726 (connectionpool.py)
2024-06-11 14:39:59 [   INFO] [200] - веб-сервер успешно обработал запрос (get_requests.py)
2024-06-11 14:39:59 [   INFO] Получение данных для тестирования в формате json [{'address': '14, Bradford Road, Upper Pells, Lewes, East Sussex, England, BN7 1RB, United Kingdom', 'lat': '50.8741261', 'lon': '0.0006877111111111112'}, {'address': '14, Bradford Road, Upper Pells, Lewes, East Sussex, England, BN7 1RB, United Kingdom', 'lat': '', 'lon': '0.0006877111111111112'}, {'address': '14, Bradford Road, Upper Pells, Lewes, East Sussex, England, BN7 1RB, United Kingdom', 'lat': '0.0', 'lon': ''}, {'address': '14, Bradford Road, Upper Pells, Lewes, East Sussex, England, BN7 1RB, United Kingdom', 'lat': '', 'lon': ''}] (get_requests.py)
2024-06-11 14:39:59 [   INFO] Из обработанного ответа были получены координаты ('50.8741261', '0.0006877111111111112') (test_search_reverse.py)
2024-06-11 14:39:59 [   INFO] Получен url: https://nominatim.openstreetmap.org/search?q=14%2C+Bradford+Road%2C+Upper+Pells%2C+Lewes%2C+East+Sussex%2C+England%2C+BN7+1RB%2C+United+Kingdom&format=json&addressdetails=1&limit=1 (conftest.py)
2024-06-11 14:39:59 [  DEBUG] Starting new HTTPS connection (1): nominatim.openstreetmap.org:443 (connectionpool.py)
2024-06-11 14:40:00 [  DEBUG] https://nominatim.openstreetmap.org:443 "GET /search?q=14%2C+Bradford+Road%2C+Upper+Pells%2C+Lewes%2C+East+Sussex%2C+England%2C+BN7+1RB%2C+United+Kingdom&format=json&addressdetails=1&limit=1 HTTP/1.1" 200 726 (connectionpool.py)
2024-06-11 14:40:00 [   INFO] [200] - веб-сервер успешно обработал запрос (get_requests.py)
2024-06-11 14:40:00 [   INFO] Получение данных для тестирования в формате json [{'address': '14, Bradford Road, Upper Pells, Lewes, East Sussex, England, BN7 1RB, United Kingdom', 'lat': '50.8741261', 'lon': '0.0006877111111111112'}, {'address': '14, Bradford Road, Upper Pells, Lewes, East Sussex, England, BN7 1RB, United Kingdom', 'lat': '', 'lon': '0.0006877111111111112'}, {'address': '14, Bradford Road, Upper Pells, Lewes, East Sussex, England, BN7 1RB, United Kingdom', 'lat': '0.0', 'lon': ''}, {'address': '14, Bradford Road, Upper Pells, Lewes, East Sussex, England, BN7 1RB, United Kingdom', 'lat': '', 'lon': ''}] (get_requests.py)
2024-06-11 14:40:00 [   INFO] Из обработанного ответа были получены координаты ('50.8741261', '0.0006877111111111112') (test_search_reverse.py)
2024-06-11 14:40:00 [   INFO] Получен url: https://nominatim.openstreetmap.org/reverse?format=json&lat=50.8741261&lon=0.0006877111111111112 (conftest.py)
2024-06-11 14:40:00 [  DEBUG] Starting new HTTPS connection (1): nominatim.openstreetmap.org:443 (connectionpool.py)
2024-06-11 14:40:00 [  DEBUG] https://nominatim.openstreetmap.org:443 "GET /reverse?format=json&lat=50.8741261&lon=0.0006877111111111112 HTTP/1.1" 200 724 (connectionpool.py)
2024-06-11 14:40:00 [   INFO] [200] - веб-сервер успешно обработал запрос (get_requests.py)
2024-06-11 14:40:00 [   INFO] Получение данных для тестирования в формате json [{'address': '14, Bradford Road, Upper Pells, Lewes, East Sussex, England, BN7 1RB, United Kingdom', 'lat': '50.8741261', 'lon': '0.0006877111111111112'}, {'address': 'Autopista Pedro Eugenio Aramburu, El Triángulo, Partido de Malvinas Argentinas, Buenos Aires, B1619AGS', 'lat': '50.8741261', 'lon': '0.0006877111111111112'}, {'address': '', 'lat': '50.8741261', 'lon': '0.0006877111111111112'}, {'address': '7fhty5', 'lat': '50.8741261', 'lon': '0.0006877111111111112'}] (get_requests.py)
2024-06-11 14:40:00 [   INFO] Получен url: https://nominatim.openstreetmap.org/reverse?format=json&lat=50.8741261&lon=0.0006877111111111112 (conftest.py)
2024-06-11 14:40:00 [  DEBUG] Starting new HTTPS connection (1): nominatim.openstreetmap.org:443 (connectionpool.py)
2024-06-11 14:40:01 [  DEBUG] https://nominatim.openstreetmap.org:443 "GET /reverse?format=json&lat=50.8741261&lon=0.0006877111111111112 HTTP/1.1" 200 724 (connectionpool.py)
2024-06-11 14:40:01 [   INFO] [200] - веб-сервер успешно обработал запрос (get_requests.py)
2024-06-11 14:40:01 [   INFO] Получение данных для тестирования в формате json [{'address': '14, Bradford Road, Upper Pells, Lewes, East Sussex, England, BN7 1RB, United Kingdom', 'lat': '50.8741261', 'lon': '0.0006877111111111112'}, {'address': 'Autopista Pedro Eugenio Aramburu, El Triángulo, Partido de Malvinas Argentinas, Buenos Aires, B1619AGS', 'lat': '50.8741261', 'lon': '0.0006877111111111112'}, {'address': '', 'lat': '50.8741261', 'lon': '0.0006877111111111112'}, {'address': '7fhty5', 'lat': '50.8741261', 'lon': '0.0006877111111111112'}] (get_requests.py)
2024-06-11 14:40:01 [   INFO] Получен url: https://nominatim.openstreetmap.org/reverse?format=json&lat=50.8741261&lon=0.0006877111111111112 (conftest.py)
2024-06-11 14:40:01 [  DEBUG] Starting new HTTPS connection (1): nominatim.openstreetmap.org:443 (connectionpool.py)
2024-06-11 14:40:01 [  DEBUG] https://nominatim.openstreetmap.org:443 "GET /reverse?format=json&lat=50.8741261&lon=0.0006877111111111112 HTTP/1.1" 200 724 (connectionpool.py)
2024-06-11 14:40:01 [   INFO] [200] - веб-сервер успешно обработал запрос (get_requests.py)
2024-06-11 14:40:01 [   INFO] Получение данных для тестирования в формате json [{'address': '14, Bradford Road, Upper Pells, Lewes, East Sussex, England, BN7 1RB, United Kingdom', 'lat': '50.8741261', 'lon': '0.0006877111111111112'}, {'address': 'Autopista Pedro Eugenio Aramburu, El Triángulo, Partido de Malvinas Argentinas, Buenos Aires, B1619AGS', 'lat': '50.8741261', 'lon': '0.0006877111111111112'}, {'address': '', 'lat': '50.8741261', 'lon': '0.0006877111111111112'}, {'address': '7fhty5', 'lat': '50.8741261', 'lon': '0.0006877111111111112'}] (get_requests.py)
